[
  {
    "created_on": "2026-08-01T00:00:00Z",
    "enterprise": "Fixture Enterprise [11111111-1111-4111-8111-111111111111]",
    "id": "22222222-2222-4222-8222-222222222222",
    "image_file": "https://files.example/wallpaper.png",
    "is_active": true,
    "orientation": "landscape",
    "thumbnail": null,
    "updated_on": "2026-08-01T00:00:00Z"
  },
  {
    "created_on": "2026-08-02T00:00:00Z",
    "enterprise": "Fixture Enterprise [11111111-1111-4111-8111-111111111111]",
    "id": "33333333-3333-4333-8333-333333333333",
    "image_file": "https://files.example/wallpaper-2.png",
    "is_active": false,
    "orientation": "portrait",
    "thumbnail": "https://files.example/wallpaper-2-thumb.png",
    "updated_on": "2026-08-02T00:00:00Z"
  }
]
