[
  {
    "alias": "Lobby kiosk",
    "approval_status": "APPROVED",
    "device_id": "44444444-4444-4444-8444-444444444444",
    "group_id": "33333333-3333-4333-8333-333333333333",
    "id": "22222222-2222-4222-8222-222222222222",
    "name": "kiosk-serial-001",
    "online_status": "ONLINE",
    "provisioned_on": "2026-08-24T00:00:00Z",
    "tags": [
      "lobby",
      "production"
    ],
    "unique_identifiers": [
      {
        "type": "SERIAL",
        "unique_id": "SERIAL-001"
      }
    ]
  },
  {
    "alias": "Warehouse kiosk",
    "approval_status": "APPROVED",
    "device_id": "55555555-5555-4555-8555-555555555555",
    "group_id": "33333333-3333-4333-8333-333333333333",
    "id": "66666666-6666-4666-8666-666666666666",
    "name": "kiosk-serial-002",
    "online_status": "OFFLINE",
    "provisioned_on": "2026-08-25T00:00:00Z",
    "tags": [
      "warehouse"
    ],
    "unique_identifiers": [
      {
        "type": "SERIAL",
        "unique_id": "SERIAL-002"
      }
    ]
  }
]
