[
  {
    "created_on": "2026-08-24T00:00:00Z",
    "description": null,
    "device_count": 0,
    "enterprise": "https://fixture.example/api/enterprise/11111111-1111-4111-8111-111111111111/",
    "google_policy_id": null,
    "id": 42,
    "is_active": true,
    "name": "Kiosk baseline",
    "policy": {
      "applications": [],
      "devicePasswordPolicy": {
        "passwordQuality": "PASSWORD_QUALITY_UNSPECIFIED"
      },
      "deviceUpdatePolicy": {
        "passwordQuality": "PASSWORD_QUALITY_UNSPECIFIED"
      },
      "kioskMode": true
    },
    "updated_on": "2026-08-24T01:00:00Z",
    "url": "https://fixture.example/api/enterprise/11111111-1111-4111-8111-111111111111/policy/42/",
    "uuid": "22222222-2222-4222-8222-222222222222"
  },
  {
    "created_on": "2026-08-24T02:00:00Z",
    "description": "Restricted kiosk policy",
    "device_count": 4,
    "enterprise": "https://fixture.example/api/enterprise/11111111-1111-4111-8111-111111111111/",
    "google_policy_id": "enterprises/example/policies/43",
    "id": 43,
    "is_active": true,
    "name": "Kiosk restricted",
    "policy": {
      "applications": [],
      "devicePasswordPolicy": {
        "passwordQuality": "PASSWORD_QUALITY_UNSPECIFIED"
      },
      "deviceUpdatePolicy": {
        "passwordQuality": "PASSWORD_QUALITY_UNSPECIFIED"
      },
      "kioskMode": true
    },
    "updated_on": "2026-08-24T03:00:00Z",
    "url": "https://fixture.example/api/enterprise/11111111-1111-4111-8111-111111111111/policy/43/",
    "uuid": "33333333-3333-4333-8333-333333333333"
  }
]
